0000000047000000116000000000000000000000000000000000000000000000000000000000000000000000000000000000000000000000000000000000000000000000000000000000000000000000000000000000000000000000000000000000000000000000000000000000000000000000+00000008.44000000008000001404170000000000000470000000020140417 000000000000000000000000000000000000000000000000000000
0000000048000000116000000000000000000000000000000000000000000000000000000000000000000000000000000000000000000000000000000000000000000000000000000000000000000000000000000000000000000000000000000000000000000000000000000000000000000000+00000001.01000000075000001404170000000000000480000000020140417 000000000000000000000000000000000000000000000000000000
